SpeechBrain system description
==============================
Python version:
3.9.21 (main, Dec 11 2024, 16:24:11) 
[GCC 11.2.0]
==============================
Installed Python packages:
audioread==3.0.1
Bottleneck @ file:///croot/bottleneck_1731058641041/work
Brotli @ file:///croot/brotli-split_1736182456865/work
certifi @ file:///croot/certifi_1734473278428/work/certifi
cffi==1.17.1
charset-normalizer @ file:///croot/charset-normalizer_1721748349566/work
contourpy==1.3.0
cycler==0.12.1
decorator==5.1.1
filelock @ file:///croot/filelock_1700591183607/work
fonttools==4.55.3
fsspec==2024.12.0
gmpy2 @ file:///tmp/build/80754af9/gmpy2_1645438755360/work
huggingface-hub==0.27.1
HyperPyYAML==1.2.2
idna @ file:///croot/idna_1714398848350/work
importlib_resources==6.5.2
Jinja2 @ file:///croot/jinja2_1730902924303/work
joblib==1.4.2
kiwisolver==1.4.7
lazy_loader==0.4
librosa==0.10.2.post1
llvmlite==0.43.0
MarkupSafe @ file:///croot/markupsafe_1704205993651/work
matplotlib==3.9.4
mkl-service==2.4.0
mkl_fft @ file:///io/mkl313/mkl_fft_1730824109137/work
mkl_random @ file:///io/mkl313/mkl_random_1730823916628/work
mpmath @ file:///croot/mpmath_1690848262763/work
msgpack==1.1.0
networkx @ file:///croot/networkx_1717597493534/work
numba==0.60.0
numexpr @ file:///croot/numexpr_1730215937391/work
numpy @ file:///croot/numpy_and_numpy_base_1708638617955/work/dist/numpy-1.26.4-cp39-cp39-linux_x86_64.whl#sha256=6094eeedd869502faa0fd0a8c5ad3a70c5779be06ddd1feb7627e5c212fac420
packaging==24.2
pandas @ file:///croot/pandas_1732735089971/work/dist/pandas-2.2.3-cp39-cp39-linux_x86_64.whl#sha256=0a51ed2e81ab863e3d00ed6c5049192ce578ecb38fb467d2f9a6585d3c25f666
pillow @ file:///croot/pillow_1734430590456/work
platformdirs==4.3.6
pooch==1.8.2
pycparser==2.22
pyparsing==3.2.1
PySocks @ file:///tmp/build/80754af9/pysocks_1605305812635/work
python-dateutil @ file:///croot/python-dateutil_1716495738603/work
pytz @ file:///croot/pytz_1713974312559/work
PyYAML @ file:///croot/pyyaml_1728657952215/work
requests @ file:///croot/requests_1730999120400/work
ruamel.yaml==0.18.10
ruamel.yaml.clib==0.2.12
scikit-learn==1.6.0
scipy==1.13.1
sentencepiece==0.2.0
six @ file:///tmp/build/80754af9/six_1644875935023/work
soundfile==0.13.0
soxr==0.5.0.post1
speechbrain==1.0.2
sympy @ file:///croot/sympy_1734622612703/work
threadpoolctl==3.5.0
torch==2.2.1
torchaudio==2.2.1
torchvision==0.17.1
tqdm==4.67.1
triton==2.2.0
typing_extensions @ file:///croot/typing_extensions_1734714854207/work
tzdata @ file:///croot/python-tzdata_1690578112552/work
urllib3 @ file:///croot/urllib3_1727769808118/work
zipp==3.21.0
==============================
Git revision:
e28e87a00
==============================
CUDA version:
11.8